#-----------------------------------------------------------
# Vivado v2022.2 (64-bit)
# SW Build 3671981 on Fri Oct 14 05:00:03 MDT 2022
# IP Build 3669848 on Fri Oct 14 08:30:02 MDT 2022
# Start of session at: Mon Apr 21 10:05:48 2025
# Process ID: 41176
# Current directory: D:/BS_ES/DSD/Online_Materials/git_folder_dsd/DSD/FPGA_Project/Xilinx_Vivado_Workflow/FSM_Clk/project_1
# Command line: vivado.exe -gui_launcher_event rodinguilauncherevent27340 D:\BS_ES\DSD\Online_Materials\git_folder_dsd\DSD\FPGA_Project\Xilinx_Vivado_Workflow\FSM_Clk\project_1\project_1.xpr
# Log file: D:/BS_ES/DSD/Online_Materials/git_folder_dsd/DSD/FPGA_Project/Xilinx_Vivado_Workflow/FSM_Clk/project_1/vivado.log
# Journal file: D:/BS_ES/DSD/Online_Materials/git_folder_dsd/DSD/FPGA_Project/Xilinx_Vivado_Workflow/FSM_Clk/project_1\vivado.jou
# Running On: NPTEL007, OS: Windows, CPU Frequency: 2189 MHz, CPU Physical cores: 12, Host memory: 16876 MB
#-----------------------------------------------------------
start_guioopen_project D:/BS_ES/DSD/Online_Materials/git_folder_dsd/DSD/FPGA_Project/Xilinx_Vivado_Workflow/FSM_Clk/project_1/project_1.xpruupdate_compile_order -fileset sources_1
reset_run impl_1 -prev_step 
launch_runs impl_1 -to_step write_bitstream -jobs 8
wait_on_run impl_1
reset_run impl_1 -prev_step 
launch_runs impl_1 -to_step write_bitstream -jobs 8
wait_on_run impl_1
reset_run impl_1 -prev_step 
reset_run synth_1
launch_runs synth_1 -jobs 8
wait_on_run synth_1
launch_simulation
reset_run synth_1
launch_runs synth_1 -jobs 8
wait_on_run synth_1
reset_run synth_1
launch_runs synth_1 -jobs 8
wait_on_run synth_1
reset_run synth_1
launch_runs synth_1 -jobs 8
wait_on_run synth_1
launch_runs impl_1 -jobs 8
wait_on_run impl_1
launch_runs impl_1 -to_step write_bitstream -jobs 8
wait_on_run impl_1
open_hw_manager
connect_hw_server -allow_non_jtag
open_hw_target
set_property PROGRAM.FILE {D:/BS_ES/DSD/Online_Materials/git_folder_dsd/DSD/FPGA_Project/Xilinx_Vivado_Workflow/FSM_Clk/project_1/project_1.runs/impl_1/sequence_detection.bit} [get_hw_devices xc7z020_1]
current_hw_device [get_hw_devices xc7z020_1]
refresh_hw_device -update_hw_probes false [lindex [get_hw_devices xc7z020_1] 0]
set_property PROBES.FILE {} [get_hw_devices xc7z020_1]
set_property FULL_PROBES.FILE {} [get_hw_devices xc7z020_1]
set_property PROGRAM.FILE {D:/BS_ES/DSD/Online_Materials/git_folder_dsd/DSD/FPGA_Project/Xilinx_Vivado_Workflow/FSM_Clk/project_1/project_1.runs/impl_1/sequence_detection.bit} [get_hw_devices xc7z020_1]
program_hw_devices [get_hw_devices xc7z020_1]
refresh_hw_device [lindex [get_hw_devices xc7z020_1] 0]
set_property PROBES.FILE {} [get_hw_devices xc7z020_1]
set_property FULL_PROBES.FILE {} [get_hw_devices xc7z020_1]
set_property PROGRAM.FILE {D:/BS_ES/DSD/Online_Materials/git_folder_dsd/DSD/FPGA_Project/Xilinx_Vivado_Workflow/FSM_Clk/project_1/project_1.runs/impl_1/sequence_detection.bit} [get_hw_devices xc7z020_1]
program_hw_devices [get_hw_devices xc7z020_1]
refresh_hw_device [lindex [get_hw_devices xc7z020_1] 0]
reset_run synth_1
launch_runs impl_1 -to_step write_bitstream -jobs 8
wait_on_run impl_1
open_run impl_1
set_property PROBES.FILE {} [get_hw_devices xc7z020_1]
set_property FULL_PROBES.FILE {} [get_hw_devices xc7z020_1]
set_property PROGRAM.FILE {D:/BS_ES/DSD/Online_Materials/git_folder_dsd/DSD/FPGA_Project/Xilinx_Vivado_Workflow/FSM_Clk/project_1/project_1.runs/impl_1/sequence_detection.bit} [get_hw_devices xc7z020_1]
program_hw_devices [get_hw_devices xc7z020_1]
refresh_hw_device [lindex [get_hw_devices xc7z020_1] 0]
refresh_hw_device [lindex [get_hw_devices xc7z020_1] 0]
set_property PROBES.FILE {} [get_hw_devices xc7z020_1]
set_property FULL_PROBES.FILE {} [get_hw_devices xc7z020_1]
set_property PROGRAM.FILE {D:/BS_ES/DSD/Online_Materials/git_folder_dsd/DSD/FPGA_Project/Xilinx_Vivado_Workflow/FSM_Clk/project_1/project_1.runs/impl_1/sequence_detection.bit} [get_hw_devices xc7z020_1]
program_hw_devices [get_hw_devices xc7z020_1]
refresh_hw_device [lindex [get_hw_devices xc7z020_1] 0]
reset_run synth_1
launch_runs impl_1 -to_step write_bitstream -jobs 8
wait_on_run impl_1
set_property PROBES.FILE {} [get_hw_devices xc7z020_1]
set_property FULL_PROBES.FILE {} [get_hw_devices xc7z020_1]
set_property PROGRAM.FILE {D:/BS_ES/DSD/Online_Materials/git_folder_dsd/DSD/FPGA_Project/Xilinx_Vivado_Workflow/FSM_Clk/project_1/project_1.runs/impl_1/sequence_detection.bit} [get_hw_devices xc7z020_1]
program_hw_devices [get_hw_devices xc7z020_1]
refresh_hw_device [lindex [get_hw_devices xc7z020_1] 0]
close_project
